// Jest Snapshot v1, https://goo.gl/fbAQLP

exports[`should render the pokemon in the card 1`] = `
<div
  className="MuiGrid-root MuiGrid-item MuiGrid-grid-sm-3 css-13i4rnv-MuiGrid-root"
>
  <div
    className="MuiPaper-root MuiPaper-elevation MuiPaper-rounded MuiPaper-elevation1 MuiCard-root css-bhp9pd-MuiPaper-root-MuiCard-root"
  >
    <div
      className="MuiCardContent-root css-46bh2p-MuiCardContent-root"
    >
      <div
        className="star"
      >
        <i
          onClick={[Function]}
        >
          <svg
            aria-hidden={true}
            className="MuiSvgIcon-root MuiSvgIcon-fontSizeMedium starUnselected css-i4bv87-MuiSvgIcon-root"
            data-testid="StarIcon"
            focusable="false"
            viewBox="0 0 24 24"
          >
            <path
              d="M12 17.27 18.18 21l-1.64-7.03L22 9.24l-7.19-.61L12 2 9.19 8.63 2 9.24l5.46 4.73L5.82 21z"
            />
          </svg>
        </i>
      </div>
      <h6
        className="MuiTypography-root MuiTypography-h6 title css-2ulfj5-MuiTypography-root"
      >
        bulbasaur
      </h6>
      <div
        className="MuiCardMedia-root imageStyle css-16cvb1l-MuiCardMedia-root"
        role="img"
        style={
          Object {
            "backgroundImage": "url(\\"https://raw.githubusercontent.com/PokeAPI/sprites/master/sprites/pokemon/other/official-artwork/1.png\\")",
          }
        }
      />
    </div>
  </div>
</div>
`;
